---
source: stitch/src/parser.rs
expression: "p(\"f($ > 30, other)\")"
---
Call {
    callee: Var(
        "f",
    ),
    args: [
        Arg {
            label: None,
            value: Binary {
                op: Gt,
                left: Placeholder(
                    None,
                ),
                right: Int(
                    30,
                ),
            },
        },
        Arg {
            label: None,
            value: Var(
                "other",
            ),
        },
    ],
}
