---
source: stitch/src/parser.rs
expression: "prog(\"sum Shape = Circle(radius: Int) | Rect(w: Int, h: Int)\")"
---
[
    Sum {
        name: "Shape",
        generics: [],
        variants: [
            Variant {
                name: "Circle",
                fields: [
                    Field {
                        name: Some(
                            "radius",
                        ),
                        mutable: false,
                        ty: Name {
                            name: "Int",
                            args: [],
                        },
                        public: false,
                    },
                ],
            },
            Variant {
                name: "Rect",
                fields: [
                    Field {
                        name: Some(
                            "w",
                        ),
                        mutable: false,
                        ty: Name {
                            name: "Int",
                            args: [],
                        },
                        public: false,
                    },
                    Field {
                        name: Some(
                            "h",
                        ),
                        mutable: false,
                        ty: Name {
                            name: "Int",
                            args: [],
                        },
                        public: false,
                    },
                ],
            },
        ],
        public: false,
    },
]
