---
source: stitch/src/parser.rs
expression: "prog(\"let limit = 100  area(p) = p.x * limit\")"
---
[
    Const {
        name: "limit",
        mutable: false,
        value: Int(
            100,
        ),
        public: false,
    },
    Func {
        name: "area",
        params: [
            Param {
                name: "p",
                ty: None,
            },
        ],
        ret: None,
        uses: [],
        body: Binary {
            op: Mul,
            left: Field {
                object: Var(
                    "p",
                ),
                name: "x",
            },
            right: Var(
                "limit",
            ),
        },
        public: false,
    },
]
