---
source: stitch/src/parser.rs
expression: "p(r#\"match { n > 10 => \"big\"  n > 0 => \"small\"  _ => \"neg\" }\"#)"
---
SubjectlessMatch {
    arms: [
        (
            Binary {
                op: Gt,
                left: Var(
                    "n",
                ),
                right: Int(
                    10,
                ),
            },
            Str(
                [
                    Lit(
                        "big",
                    ),
                ],
            ),
        ),
        (
            Binary {
                op: Gt,
                left: Var(
                    "n",
                ),
                right: Int(
                    0,
                ),
            },
            Str(
                [
                    Lit(
                        "small",
                    ),
                ],
            ),
        ),
    ],
    default: Str(
        [
            Lit(
                "neg",
            ),
        ],
    ),
}
