---
source: stitch/src/parser.rs
expression: "prog(\"sum Color = | Red | Green | Blue\")"
---
[
    Sum {
        name: "Color",
        generics: [],
        variants: [
            Variant {
                name: "Red",
                fields: [],
            },
            Variant {
                name: "Green",
                fields: [],
            },
            Variant {
                name: "Blue",
                fields: [],
            },
        ],
    },
]
