---
source: stitch/src/parser.rs
expression: "p(\"-f(x)\")"
---
Unary {
    op: Neg,
    operand: Call {
        callee: Var(
            "f",
        ),
        args: [
            Arg {
                label: None,
                value: Var(
                    "x",
                ),
            },
        ],
    },
}
