---
source: stitch/src/parser.rs
expression: "p(\"map($ * $)\")"
---
Call {
    callee: Var(
        "map",
    ),
    args: [
        Arg {
            label: None,
            value: Binary {
                op: Mul,
                left: Placeholder(
                    None,
                ),
                right: Placeholder(
                    None,
                ),
            },
        },
    ],
}
