---
source: stitch/src/parser.rs
expression: "prog(r#\"on Point : Show { show() = \"point\" }\"#)"
---
[
    On {
        target: Name {
            name: "Point",
            args: [],
        },
        contract: Some(
            Name {
                name: "Show",
                args: [],
            },
        ),
        methods: [
            Method {
                name: "show",
                modifier: Instance,
                params: [],
                ret: None,
                uses: [],
                body: Some(
                    Str(
                        [
                            Lit(
                                "point",
                            ),
                        ],
                    ),
                ),
            },
        ],
    },
]
