---
source: stitch/src/parser.rs
expression: "p(\"[a: 1, b: 2]\")"
---
Map(
    [
        (
            Var(
                "a",
            ),
            Int(
                1,
            ),
        ),
        (
            Var(
                "b",
            ),
            Int(
                2,
            ),
        ),
    ],
)
