---
source: stitch/src/parser.rs
expression: "p(\"f(x, y)\")"
---
Call {
    callee: Var(
        "f",
    ),
    args: [
        Arg {
            label: None,
            value: Var(
                "x",
            ),
        },
        Arg {
            label: None,
            value: Var(
                "y",
            ),
        },
    ],
}
