---
source: stitch/src/parser.rs
expression: "p(\"map($.celsius)\")"
---
Call {
    callee: Var(
        "map",
    ),
    args: [
        Arg {
            label: None,
            value: Field {
                object: Placeholder(
                    None,
                ),
                name: "celsius",
            },
        },
    ],
}
