---
source: stitch/src/parser.rs
expression: "p(\"map($ * $)\")"
---
Call {
    callee: Var(
        "map",
    ),
    args: [
        Arg {
            label: None,
            value: Lambda {
                params: [
                    "$a",
                ],
                body: Binary {
                    op: Mul,
                    left: Var(
                        "$a",
                    ),
                    right: Var(
                        "$a",
                    ),
                },
            },
        },
    ],
}
