---
source: stitch/src/parser.rs
expression: "p(\"fold(0, $a + $b)\")"
---
Call {
    callee: Var(
        "fold",
    ),
    args: [
        Int(
            0,
        ),
        Lambda {
            params: [
                "$a",
                "$b",
            ],
            body: Binary {
                op: Add,
                left: Var(
                    "$a",
                ),
                right: Var(
                    "$b",
                ),
            },
        },
    ],
}
