---
source: stitch/src/parser.rs
expression: "p(\"each($)\")"
---
Call {
    callee: Var(
        "each",
    ),
    args: [
        Arg {
            label: None,
            value: Lambda {
                params: [
                    "$a",
                ],
                body: Var(
                    "$a",
                ),
            },
        },
    ],
}
