---
source: stitch/src/parser.rs
expression: "p(\"map($ * 2)\")"
---
Call {
    callee: Var(
        "map",
    ),
    args: [
        Lambda {
            params: [
                "$a",
            ],
            body: Binary {
                op: Mul,
                left: Var(
                    "$a",
                ),
                right: Int(
                    2,
                ),
            },
        },
    ],
}
