---
source: stitch/src/parser.rs
expression: "p(\"map($.celsius)\")"
---
Call {
    callee: Var(
        "map",
    ),
    args: [
        Arg {
            label: None,
            value: Lambda {
                params: [
                    "$a",
                ],
                body: Field {
                    object: Var(
                        "$a",
                    ),
                    name: "celsius",
                },
            },
        },
    ],
}
