---
source: stitch/src/parser.rs
expression: "p(\"fold(0, $a + $b)\")"
---
Call {
    callee: Var(
        "fold",
    ),
    args: [
        Arg {
            label: None,
            value: Int(
                0,
            ),
        },
        Arg {
            label: None,
            value: Binary {
                op: Add,
                left: Placeholder(
                    Some(
                        "a",
                    ),
                ),
                right: Placeholder(
                    Some(
                        "b",
                    ),
                ),
            },
        },
    ],
}
