---
source: stitch/tests/expressions.rs
expression: "p(\"f(g(x), h(y, z))\")"
---
Call {
    callee: Var(
        "f",
    ),
    args: [
        Arg {
            label: None,
            value: Call {
                callee: Var(
                    "g",
                ),
                args: [
                    Arg {
                        label: None,
                        value: Var(
                            "x",
                        ),
                    },
                ],
            },
        },
        Arg {
            label: None,
            value: Call {
                callee: Var(
                    "h",
                ),
                args: [
                    Arg {
                        label: None,
                        value: Var(
                            "y",
                        ),
                    },
                    Arg {
                        label: None,
                        value: Var(
                            "z",
                        ),
                    },
                ],
            },
        },
    ],
}
