---
source: stitch/tests/programs.rs
expression: "prog(\"sum Maybe<T> = Some(T) | None  \\\n         sum Result<T, E> = Ok(T) | Err(E)  \\\n         sum Either<A, B> = Left(A) | Right(B)\")"
---
[
    Sum {
        name: "Maybe",
        generics: [
            "T",
        ],
        variants: [
            Variant {
                name: "Some",
                fields: [
                    Field {
                        name: None,
                        mutable: false,
                        ty: Name {
                            name: "T",
                            args: [],
                        },
                        public: false,
                    },
                ],
            },
            Variant {
                name: "None",
                fields: [],
            },
        ],
        public: false,
    },
    Sum {
        name: "Result",
        generics: [
            "T",
            "E",
        ],
        variants: [
            Variant {
                name: "Ok",
                fields: [
                    Field {
                        name: None,
                        mutable: false,
                        ty: Name {
                            name: "T",
                            args: [],
                        },
                        public: false,
                    },
                ],
            },
            Variant {
                name: "Err",
                fields: [
                    Field {
                        name: None,
                        mutable: false,
                        ty: Name {
                            name: "E",
                            args: [],
                        },
                        public: false,
                    },
                ],
            },
        ],
        public: false,
    },
    Sum {
        name: "Either",
        generics: [
            "A",
            "B",
        ],
        variants: [
            Variant {
                name: "Left",
                fields: [
                    Field {
                        name: None,
                        mutable: false,
                        ty: Name {
                            name: "A",
                            args: [],
                        },
                        public: false,
                    },
                ],
            },
            Variant {
                name: "Right",
                fields: [
                    Field {
                        name: None,
                        mutable: false,
                        ty: Name {
                            name: "B",
                            args: [],
                        },
                        public: false,
                    },
                ],
            },
        ],
        public: false,
    },
]
